{
  "vendor": "Mesa",
  "renderer": "Apple M1 (G13G B1)",
  "version": "OpenGL ES 3.2 Mesa 26.2.3"
}
shader: MESA_SHADER_COMPUTE
source_blake3: {0x4a61f9ce, 0x490881e5, 0xf3a89fd1, 0x5cd377da, 0xcd24be53, 0xb34ffa07, 0x6dca815a, 0x0784f4d6}
workgroup_size: 4, 1, 1
num_ssbos: 3
system_values_read: 0x00000000'00000000'00001000'00000000
max_subgroup_size: 128
min_subgroup_size: 1
bit_sizes_float: 0x20
bit_sizes_int: 0x20
first_ubo_is_default_ubo: true
flrp_lowered: true
io_lowered: true
writes_memory: true
decl_function (null) () (entrypoint)

impl (null) {
    block b0:  // preds:
    32x3  %0 = @load_global_invocation_id
    64    %1 = @load_preamble (base=8)
    32    %2 = mov %0.x
    32    %3 = @load_agx (%1, %2) (access=speculatable, base=0, format=r32_uint, sign_extend=0)
    64    %4 = @load_preamble (base=4)
    32    %5 = @load_agx (%4, %2) (access=speculatable, base=0, format=r32_uint, sign_extend=0)
    32    %6 = fmul %3, %5
    64    %7 = @load_preamble (base=0)
               @store_agx (%6, %7, %2) (access=speculatable, base=0, format=r32_uint, sign_extend=0)
               // succs: b1
    block b1:
}

Mesa mul: PASS [10.0, 40.0, 90.0, 160.0]
block0 {
   8 = get_sr #0x50
   3 = device_load u4:u5, 8.abs, x, #0x0, slot 0
   5 = device_load u2:u3, 8.abs, x, #0x0, slot 0
   6 = fmul 3, 5
   device_store 6, u0:u1, 8.abs, x, #0x0, slot 0
   stop
}

block0 {
   8 = get_sr #0x50
   3 = device_load u4:u5, 8.abs, x, #0x0, slot 0
   5 = device_load u2:u3, 8.abs, x, #0x0, slot 0
   6 = fmul 3, 5
   device_store 6, u0:u1, 8.abs, x, #0x0, slot 0
   stop
}

block0 {
   r0 = get_sr #0x50
   $r1 = device_load u4:u5, r0.abs, x, #0x0, slot 0
   $r2 = device_load u2:u3, r0.abs, x, #0x0, slot 1
   wait #0x0, slot 0
   wait #0x0, slot 1
   r1 = fmul ^r1, ^r2
   device_store ^r1, u0:u1, ^r0.abs, x, #0x0, slot 0
   stop
}

   0: 72011004               mov      r0, thread_in_grid_x
   4: 0509080e00c01200       load     r1, du4, r0, i32, x, a
   c: 0511044e00c01200       load     r2, du2, r0, i32, x, b
  14: 3800                   wait     a
  16: 3801                   wait     b
  18: 1a85c2422c00           fmul     r1, ^r1, ^r2
  1e: 4509000e00c01200       store    r1, du0, r0, i32, x, a
  26: 8800                   stop
agxdecode: dump command stream to file /home/asahi/applegpu/experimental/dumps/asahi_mul/commands.0000
